MPLINK 5.09, LINKER
Linker Map File - Created Sat May 04 01:01:09 2024

                                 Section Info
                  Section       Type    Address   Location Size(Bytes)
                ---------  ---------  ---------  ---------  ---------
                   .org_0       code   0x000000    program   0x000004
                   .cinit    romdata   0x000004    program   0x000002
                   .org_1       code   0x000020    program   0x000048
.config_300000_BUILD/DEFAULT/PRODUCTION/PRACTIC    romdata   0x300000    program   0x000001
.config_300001_BUILD/DEFAULT/PRODUCTION/PRACTIC    romdata   0x300001    program   0x000001
.config_300002_BUILD/DEFAULT/PRODUCTION/PRACTIC    romdata   0x300002    program   0x000001
.config_300003_BUILD/DEFAULT/PRODUCTION/PRACTIC    romdata   0x300003    program   0x000001
.config_300005_BUILD/DEFAULT/PRODUCTION/PRACTIC    romdata   0x300005    program   0x000001
.config_300006_BUILD/DEFAULT/PRODUCTION/PRACTIC    romdata   0x300006    program   0x000001
.config_300008_BUILD/DEFAULT/PRODUCTION/PRACTIC    romdata   0x300008    program   0x000001
.config_300009_BUILD/DEFAULT/PRODUCTION/PRACTIC    romdata   0x300009    program   0x000001
.config_30000A_BUILD/DEFAULT/PRODUCTION/PRACTIC    romdata   0x30000a    program   0x000001
.config_30000B_BUILD/DEFAULT/PRODUCTION/PRACTIC    romdata   0x30000b    program   0x000001
.config_30000C_BUILD/DEFAULT/PRODUCTION/PRACTIC    romdata   0x30000c    program   0x000001
.config_30000D_BUILD/DEFAULT/PRODUCTION/PRACTIC    romdata   0x30000d    program   0x000001



                              Program Memory Usage 
                               Start         End      
                           ---------   ---------      
                            0x000000    0x000005      
                            0x000020    0x000067      
                            0x300000    0x300003      
                            0x300005    0x300006      
                            0x300008    0x30000d      
            90 out of 33048 program addresses used, program memory utilization is 0%



                              Symbols - Sorted by Name
                     Name    Address   Location    Storage File                     
                ---------  ---------  ---------  --------- ---------                
                   ESPERA   0x000048    program     static C:\Users\jesus\Desktop\PracticasDispositivosProgramables\practica5.X\header.inc
                   INICIO   0x00005a    program     static C:\Users\jesus\Desktop\PracticasDispositivosProgramables\practica5.X\practica5.asm
                    RELOJ   0x000050    program     static C:\Users\jesus\Desktop\PracticasDispositivosProgramables\practica5.X\header.inc
                    START   0x00002a    program     static C:\Users\jesus\Desktop\PracticasDispositivosProgramables\practica5.X\header.inc



                              Symbols - Sorted by Address
                     Name    Address   Location    Storage File                     
                ---------  ---------  ---------  --------- ---------                
                    START   0x00002a    program     static C:\Users\jesus\Desktop\PracticasDispositivosProgramables\practica5.X\header.inc
                   ESPERA   0x000048    program     static C:\Users\jesus\Desktop\PracticasDispositivosProgramables\practica5.X\header.inc
                    RELOJ   0x000050    program     static C:\Users\jesus\Desktop\PracticasDispositivosProgramables\practica5.X\header.inc
                   INICIO   0x00005a    program     static C:\Users\jesus\Desktop\PracticasDispositivosProgramables\practica5.X\practica5.asm


