MPLINK 5.09, LINKER
Linker Map File - Created Wed Apr 24 23:33:40 2024

                                 Section Info
                  Section       Type    Address   Location Size(Bytes)
                ---------  ---------  ---------  ---------  ---------
                   .org_0       code   0x000000    program   0x000052
                   .cinit    romdata   0x000052    program   0x000002
.config_300000_BUILD/DEFAULT/PRODUCTION/PRACTIC    romdata   0x300000    program   0x000001
.config_300001_BUILD/DEFAULT/PRODUCTION/PRACTIC    romdata   0x300001    program   0x000001
.config_300002_BUILD/DEFAULT/PRODUCTION/PRACTIC    romdata   0x300002    program   0x000001
.config_300003_BUILD/DEFAULT/PRODUCTION/PRACTIC    romdata   0x300003    program   0x000001
.config_300005_BUILD/DEFAULT/PRODUCTION/PRACTIC    romdata   0x300005    program   0x000001
.config_300006_BUILD/DEFAULT/PRODUCTION/PRACTIC    romdata   0x300006    program   0x000001
.config_300008_BUILD/DEFAULT/PRODUCTION/PRACTIC    romdata   0x300008    program   0x000001
.config_300009_BUILD/DEFAULT/PRODUCTION/PRACTIC    romdata   0x300009    program   0x000001
.config_30000A_BUILD/DEFAULT/PRODUCTION/PRACTIC    romdata   0x30000a    program   0x000001
.config_30000B_BUILD/DEFAULT/PRODUCTION/PRACTIC    romdata   0x30000b    program   0x000001
.config_30000C_BUILD/DEFAULT/PRODUCTION/PRACTIC    romdata   0x30000c    program   0x000001
.config_30000D_BUILD/DEFAULT/PRODUCTION/PRACTIC    romdata   0x30000d    program   0x000001



                              Program Memory Usage 
                               Start         End      
                           ---------   ---------      
                            0x000000    0x000053      
                            0x300000    0x300003      
                            0x300005    0x300006      
                            0x300008    0x30000d      
            96 out of 33048 program addresses used, program memory utilization is 0%



                              Symbols - Sorted by Name
                     Name    Address   Location    Storage File                     
                ---------  ---------  ---------  --------- ---------                
                       NA   0x000046    program     static C:\Users\jesus\Desktop\PracticasDispositivosProgramables\practica3.X\practica3.asm
                   acceso   0x00004c    program     static C:\Users\jesus\Desktop\PracticasDispositivosProgramables\practica3.X\practica3.asm
                   preg_0   0x00001c    program     static C:\Users\jesus\Desktop\PracticasDispositivosProgramables\practica3.X\practica3.asm
                   preg_1   0x000022    program     static C:\Users\jesus\Desktop\PracticasDispositivosProgramables\practica3.X\practica3.asm
                   preg_2   0x000028    program     static C:\Users\jesus\Desktop\PracticasDispositivosProgramables\practica3.X\practica3.asm
                   preg_3   0x00002e    program     static C:\Users\jesus\Desktop\PracticasDispositivosProgramables\practica3.X\practica3.asm
                   preg_4   0x000034    program     static C:\Users\jesus\Desktop\PracticasDispositivosProgramables\practica3.X\practica3.asm
                   preg_5   0x00003a    program     static C:\Users\jesus\Desktop\PracticasDispositivosProgramables\practica3.X\practica3.asm
                   preg_6   0x000040    program     static C:\Users\jesus\Desktop\PracticasDispositivosProgramables\practica3.X\practica3.asm



                              Symbols - Sorted by Address
                     Name    Address   Location    Storage File                     
                ---------  ---------  ---------  --------- ---------                
                   preg_0   0x00001c    program     static C:\Users\jesus\Desktop\PracticasDispositivosProgramables\practica3.X\practica3.asm
                   preg_1   0x000022    program     static C:\Users\jesus\Desktop\PracticasDispositivosProgramables\practica3.X\practica3.asm
                   preg_2   0x000028    program     static C:\Users\jesus\Desktop\PracticasDispositivosProgramables\practica3.X\practica3.asm
                   preg_3   0x00002e    program     static C:\Users\jesus\Desktop\PracticasDispositivosProgramables\practica3.X\practica3.asm
                   preg_4   0x000034    program     static C:\Users\jesus\Desktop\PracticasDispositivosProgramables\practica3.X\practica3.asm
                   preg_5   0x00003a    program     static C:\Users\jesus\Desktop\PracticasDispositivosProgramables\practica3.X\practica3.asm
                   preg_6   0x000040    program     static C:\Users\jesus\Desktop\PracticasDispositivosProgramables\practica3.X\practica3.asm
                       NA   0x000046    program     static C:\Users\jesus\Desktop\PracticasDispositivosProgramables\practica3.X\practica3.asm
                   acceso   0x00004c    program     static C:\Users\jesus\Desktop\PracticasDispositivosProgramables\practica3.X\practica3.asm


