MPLINK 5.09, LINKER
Linker Map File - Created Thu Jun 06 20:39:22 2024

                                 Section Info
                  Section       Type    Address   Location Size(Bytes)
                ---------  ---------  ---------  ---------  ---------
                   .org_0       code   0x000000    program   0x0000ac
                   .cinit    romdata   0x0000ac    program   0x000002
.config_300000_BUILD/DEFAULT/PRODUCTION/PRACTIC    romdata   0x300000    program   0x000001
.config_300001_BUILD/DEFAULT/PRODUCTION/PRACTIC    romdata   0x300001    program   0x000001
.config_300002_BUILD/DEFAULT/PRODUCTION/PRACTIC    romdata   0x300002    program   0x000001
.config_300003_BUILD/DEFAULT/PRODUCTION/PRACTIC    romdata   0x300003    program   0x000001
.config_300005_BUILD/DEFAULT/PRODUCTION/PRACTIC    romdata   0x300005    program   0x000001
.config_300006_BUILD/DEFAULT/PRODUCTION/PRACTIC    romdata   0x300006    program   0x000001
.config_300008_BUILD/DEFAULT/PRODUCTION/PRACTIC    romdata   0x300008    program   0x000001
.config_300009_BUILD/DEFAULT/PRODUCTION/PRACTIC    romdata   0x300009    program   0x000001
.config_30000A_BUILD/DEFAULT/PRODUCTION/PRACTIC    romdata   0x30000a    program   0x000001
.config_30000B_BUILD/DEFAULT/PRODUCTION/PRACTIC    romdata   0x30000b    program   0x000001
.config_30000C_BUILD/DEFAULT/PRODUCTION/PRACTIC    romdata   0x30000c    program   0x000001
.config_30000D_BUILD/DEFAULT/PRODUCTION/PRACTIC    romdata   0x30000d    program   0x000001



                              Program Memory Usage 
                               Start         End      
                           ---------   ---------      
                            0x000000    0x0000ad      
                            0x300000    0x300003      
                            0x300005    0x300006      
                            0x300008    0x30000d      
            186 out of 33048 program addresses used, program memory utilization is 0%



                              Symbols - Sorted by Name
                     Name    Address   Location    Storage File                     
                ---------  ---------  ---------  --------- ---------                
                   INICIO   0x00002e    program     static C:\Users\jesus\Desktop\PracticasDispositivosProgramables\practica7.X\practica7.asm
                    TABLA   0x000018    program     static C:\Users\jesus\Desktop\PracticasDispositivosProgramables\practica7.X\practica7.asm
                    ceros   0x00007c    program     static C:\Users\jesus\Desktop\PracticasDispositivosProgramables\practica7.X\practica7.asm
                  fin_ver   0x000082    program     static C:\Users\jesus\Desktop\PracticasDispositivosProgramables\practica7.X\practica7.asm
                  inc_dec   0x000072    program     static C:\Users\jesus\Desktop\PracticasDispositivosProgramables\practica7.X\practica7.asm
                  inc_uni   0x00006c    program     static C:\Users\jesus\Desktop\PracticasDispositivosProgramables\practica7.X\practica7.asm
                    incre   0x00005a    program     static C:\Users\jesus\Desktop\PracticasDispositivosProgramables\practica7.X\practica7.asm
                    ini_1   0x000044    program     static C:\Users\jesus\Desktop\PracticasDispositivosProgramables\practica7.X\practica7.asm
                    ini_2   0x000054    program     static C:\Users\jesus\Desktop\PracticasDispositivosProgramables\practica7.X\practica7.asm
                   opera1   0x00009a    program     static C:\Users\jesus\Desktop\PracticasDispositivosProgramables\practica7.X\practica7.asm
                   opera2   0x00009e    program     static C:\Users\jesus\Desktop\PracticasDispositivosProgramables\practica7.X\practica7.asm
                 ret_20ms   0x000096    program     static C:\Users\jesus\Desktop\PracticasDispositivosProgramables\practica7.X\practica7.asm
                   salida   0x000094    program     static C:\Users\jesus\Desktop\PracticasDispositivosProgramables\practica7.X\practica7.asm



                              Symbols - Sorted by Address
                     Name    Address   Location    Storage File                     
                ---------  ---------  ---------  --------- ---------                
                    TABLA   0x000018    program     static C:\Users\jesus\Desktop\PracticasDispositivosProgramables\practica7.X\practica7.asm
                   INICIO   0x00002e    program     static C:\Users\jesus\Desktop\PracticasDispositivosProgramables\practica7.X\practica7.asm
                    ini_1   0x000044    program     static C:\Users\jesus\Desktop\PracticasDispositivosProgramables\practica7.X\practica7.asm
                    ini_2   0x000054    program     static C:\Users\jesus\Desktop\PracticasDispositivosProgramables\practica7.X\practica7.asm
                    incre   0x00005a    program     static C:\Users\jesus\Desktop\PracticasDispositivosProgramables\practica7.X\practica7.asm
                  inc_uni   0x00006c    program     static C:\Users\jesus\Desktop\PracticasDispositivosProgramables\practica7.X\practica7.asm
                  inc_dec   0x000072    program     static C:\Users\jesus\Desktop\PracticasDispositivosProgramables\practica7.X\practica7.asm
                    ceros   0x00007c    program     static C:\Users\jesus\Desktop\PracticasDispositivosProgramables\practica7.X\practica7.asm
                  fin_ver   0x000082    program     static C:\Users\jesus\Desktop\PracticasDispositivosProgramables\practica7.X\practica7.asm
                   salida   0x000094    program     static C:\Users\jesus\Desktop\PracticasDispositivosProgramables\practica7.X\practica7.asm
                 ret_20ms   0x000096    program     static C:\Users\jesus\Desktop\PracticasDispositivosProgramables\practica7.X\practica7.asm
                   opera1   0x00009a    program     static C:\Users\jesus\Desktop\PracticasDispositivosProgramables\practica7.X\practica7.asm
                   opera2   0x00009e    program     static C:\Users\jesus\Desktop\PracticasDispositivosProgramables\practica7.X\practica7.asm


