MPLINK 5.09, LINKER
Linker Map File - Created Fri May 24 22:57:29 2024

                                 Section Info
                  Section       Type    Address   Location Size(Bytes)
                ---------  ---------  ---------  ---------  ---------
                   .org_0       code   0x000000    program   0x0000f8
                   .cinit    romdata   0x0000f8    program   0x000002
.config_300000_BUILD/DEFAULT/PRODUCTION/PRACTIC    romdata   0x300000    program   0x000001
.config_300001_BUILD/DEFAULT/PRODUCTION/PRACTIC    romdata   0x300001    program   0x000001
.config_300002_BUILD/DEFAULT/PRODUCTION/PRACTIC    romdata   0x300002    program   0x000001
.config_300003_BUILD/DEFAULT/PRODUCTION/PRACTIC    romdata   0x300003    program   0x000001
.config_300005_BUILD/DEFAULT/PRODUCTION/PRACTIC    romdata   0x300005    program   0x000001
.config_300006_BUILD/DEFAULT/PRODUCTION/PRACTIC    romdata   0x300006    program   0x000001
.config_300008_BUILD/DEFAULT/PRODUCTION/PRACTIC    romdata   0x300008    program   0x000001
.config_300009_BUILD/DEFAULT/PRODUCTION/PRACTIC    romdata   0x300009    program   0x000001
.config_30000A_BUILD/DEFAULT/PRODUCTION/PRACTIC    romdata   0x30000a    program   0x000001
.config_30000B_BUILD/DEFAULT/PRODUCTION/PRACTIC    romdata   0x30000b    program   0x000001
.config_30000C_BUILD/DEFAULT/PRODUCTION/PRACTIC    romdata   0x30000c    program   0x000001
.config_30000D_BUILD/DEFAULT/PRODUCTION/PRACTIC    romdata   0x30000d    program   0x000001



                              Program Memory Usage 
                               Start         End      
                           ---------   ---------      
                            0x000000    0x0000f9      
                            0x300000    0x300003      
                            0x300005    0x300006      
                            0x300008    0x30000d      
            262 out of 33048 program addresses used, program memory utilization is 0%



                              Symbols - Sorted by Name
                     Name    Address   Location    Storage File                     
                ---------  ---------  ---------  --------- ---------                
             CONT_DEC_ASC   0x00008c    program     static C:\Users\jesus\Desktop\PracticasDispositivosProgramables\practica6V2.X\practica6V2.asm
             CONT_HEX_PAR   0x0000ac    program     static C:\Users\jesus\Desktop\PracticasDispositivosProgramables\practica6V2.X\practica6V2.asm
                 DESP_DEC   0x00008e    program     static C:\Users\jesus\Desktop\PracticasDispositivosProgramables\practica6V2.X\practica6V2.asm
                 DESP_HEX   0x0000ae    program     static C:\Users\jesus\Desktop\PracticasDispositivosProgramables\practica6V2.X\practica6V2.asm
                 DESP_NOM   0x0000d2    program     static C:\Users\jesus\Desktop\PracticasDispositivosProgramables\practica6V2.X\practica6V2.asm
                     LAZO   0x00005e    program     static C:\Users\jesus\Desktop\PracticasDispositivosProgramables\practica6V2.X\practica6V2.asm
                   NOMBRE   0x0000d0    program     static C:\Users\jesus\Desktop\PracticasDispositivosProgramables\practica6V2.X\practica6V2.asm
                  RESET_0   0x0000f0    program     static C:\Users\jesus\Desktop\PracticasDispositivosProgramables\practica6V2.X\practica6V2.asm
                     R_1M   0x00005a    program     static C:\Users\jesus\Desktop\PracticasDispositivosProgramables\practica6V2.X\practica6V2.asm
                     R_1S   0x000056    program     static C:\Users\jesus\Desktop\PracticasDispositivosProgramables\practica6V2.X\practica6V2.asm
                   SELEC1   0x00006e    program     static C:\Users\jesus\Desktop\PracticasDispositivosProgramables\practica6V2.X\practica6V2.asm
                   SELEC2   0x000078    program     static C:\Users\jesus\Desktop\PracticasDispositivosProgramables\practica6V2.X\practica6V2.asm
                   SELEC3   0x000082    program     static C:\Users\jesus\Desktop\PracticasDispositivosProgramables\practica6V2.X\practica6V2.asm
                TABLA_NOM   0x000044    program     static C:\Users\jesus\Desktop\PracticasDispositivosProgramables\practica6V2.X\practica6V2.asm
               TABLA_NUMS   0x000022    program     static C:\Users\jesus\Desktop\PracticasDispositivosProgramables\practica6V2.X\practica6V2.asm



                              Symbols - Sorted by Address
                     Name    Address   Location    Storage File                     
                ---------  ---------  ---------  --------- ---------                
               TABLA_NUMS   0x000022    program     static C:\Users\jesus\Desktop\PracticasDispositivosProgramables\practica6V2.X\practica6V2.asm
                TABLA_NOM   0x000044    program     static C:\Users\jesus\Desktop\PracticasDispositivosProgramables\practica6V2.X\practica6V2.asm
                     R_1S   0x000056    program     static C:\Users\jesus\Desktop\PracticasDispositivosProgramables\practica6V2.X\practica6V2.asm
                     R_1M   0x00005a    program     static C:\Users\jesus\Desktop\PracticasDispositivosProgramables\practica6V2.X\practica6V2.asm
                     LAZO   0x00005e    program     static C:\Users\jesus\Desktop\PracticasDispositivosProgramables\practica6V2.X\practica6V2.asm
                   SELEC1   0x00006e    program     static C:\Users\jesus\Desktop\PracticasDispositivosProgramables\practica6V2.X\practica6V2.asm
                   SELEC2   0x000078    program     static C:\Users\jesus\Desktop\PracticasDispositivosProgramables\practica6V2.X\practica6V2.asm
                   SELEC3   0x000082    program     static C:\Users\jesus\Desktop\PracticasDispositivosProgramables\practica6V2.X\practica6V2.asm
             CONT_DEC_ASC   0x00008c    program     static C:\Users\jesus\Desktop\PracticasDispositivosProgramables\practica6V2.X\practica6V2.asm
                 DESP_DEC   0x00008e    program     static C:\Users\jesus\Desktop\PracticasDispositivosProgramables\practica6V2.X\practica6V2.asm
             CONT_HEX_PAR   0x0000ac    program     static C:\Users\jesus\Desktop\PracticasDispositivosProgramables\practica6V2.X\practica6V2.asm
                 DESP_HEX   0x0000ae    program     static C:\Users\jesus\Desktop\PracticasDispositivosProgramables\practica6V2.X\practica6V2.asm
                   NOMBRE   0x0000d0    program     static C:\Users\jesus\Desktop\PracticasDispositivosProgramables\practica6V2.X\practica6V2.asm
                 DESP_NOM   0x0000d2    program     static C:\Users\jesus\Desktop\PracticasDispositivosProgramables\practica6V2.X\practica6V2.asm
                  RESET_0   0x0000f0    program     static C:\Users\jesus\Desktop\PracticasDispositivosProgramables\practica6V2.X\practica6V2.asm


