MPLINK 5.09, LINKER
Linker Map File - Created Fri May 24 18:24:14 2024

                                 Section Info
                  Section       Type    Address   Location Size(Bytes)
                ---------  ---------  ---------  ---------  ---------
                   .org_0       code   0x000000    program   0x00010c
                   .cinit    romdata   0x00010c    program   0x000002
.config_300000_BUILD/DEFAULT/PRODUCTION/PRACTIC    romdata   0x300000    program   0x000001
.config_300001_BUILD/DEFAULT/PRODUCTION/PRACTIC    romdata   0x300001    program   0x000001
.config_300002_BUILD/DEFAULT/PRODUCTION/PRACTIC    romdata   0x300002    program   0x000001
.config_300003_BUILD/DEFAULT/PRODUCTION/PRACTIC    romdata   0x300003    program   0x000001
.config_300005_BUILD/DEFAULT/PRODUCTION/PRACTIC    romdata   0x300005    program   0x000001
.config_300006_BUILD/DEFAULT/PRODUCTION/PRACTIC    romdata   0x300006    program   0x000001
.config_300008_BUILD/DEFAULT/PRODUCTION/PRACTIC    romdata   0x300008    program   0x000001
.config_300009_BUILD/DEFAULT/PRODUCTION/PRACTIC    romdata   0x300009    program   0x000001
.config_30000A_BUILD/DEFAULT/PRODUCTION/PRACTIC    romdata   0x30000a    program   0x000001
.config_30000B_BUILD/DEFAULT/PRODUCTION/PRACTIC    romdata   0x30000b    program   0x000001
.config_30000C_BUILD/DEFAULT/PRODUCTION/PRACTIC    romdata   0x30000c    program   0x000001
.config_30000D_BUILD/DEFAULT/PRODUCTION/PRACTIC    romdata   0x30000d    program   0x000001



                              Program Memory Usage 
                               Start         End      
                           ---------   ---------      
                            0x000000    0x00010d      
                            0x300000    0x300003      
                            0x300005    0x300006      
                            0x300008    0x30000d      
            282 out of 33048 program addresses used, program memory utilization is 0%



                              Symbols - Sorted by Name
                     Name    Address   Location    Storage File                     
                ---------  ---------  ---------  --------- ---------                
             CONT_DEC_ASC   0x000068    program     static C:\Users\jesus\Desktop\PracticasDispositivosProgramables\practica6.X\practica6.asm
           CONT_HEX_PARES   0x000088    program     static C:\Users\jesus\Desktop\PracticasDispositivosProgramables\practica6.X\practica6.asm
            DESPLIEGA_DEC   0x00006a    program     static C:\Users\jesus\Desktop\PracticasDispositivosProgramables\practica6.X\practica6.asm
            DESPLIEGA_HEX   0x00008a    program     static C:\Users\jesus\Desktop\PracticasDispositivosProgramables\practica6.X\practica6.asm
            DESPLIEGA_NOM   0x0000ae    program     static C:\Users\jesus\Desktop\PracticasDispositivosProgramables\practica6.X\practica6.asm
                     LAZO   0x000028    program     static C:\Users\jesus\Desktop\PracticasDispositivosProgramables\practica6.X\practica6.asm
                   NOMBRE   0x0000ac    program     static C:\Users\jesus\Desktop\PracticasDispositivosProgramables\practica6.X\practica6.asm
                 OPCION_0   0x0000d4    program     static C:\Users\jesus\Desktop\PracticasDispositivosProgramables\practica6.X\practica6.asm
                 OPCION_1   0x0000e2    program     static C:\Users\jesus\Desktop\PracticasDispositivosProgramables\practica6.X\practica6.asm
                 OPCION_2   0x0000f0    program     static C:\Users\jesus\Desktop\PracticasDispositivosProgramables\practica6.X\practica6.asm
                 OPCION_3   0x0000fe    program     static C:\Users\jesus\Desktop\PracticasDispositivosProgramables\practica6.X\practica6.asm
                  RESET_M   0x0000cc    program     static C:\Users\jesus\Desktop\PracticasDispositivosProgramables\practica6.X\practica6.asm
                     R_1M   0x000024    program     static C:\Users\jesus\Desktop\PracticasDispositivosProgramables\practica6.X\practica6.asm
                     R_1S   0x000020    program     static C:\Users\jesus\Desktop\PracticasDispositivosProgramables\practica6.X\practica6.asm
                    TABLA   0x000034    program     static C:\Users\jesus\Desktop\PracticasDispositivosProgramables\practica6.X\practica6.asm
                TABLA_NOM   0x000056    program     static C:\Users\jesus\Desktop\PracticasDispositivosProgramables\practica6.X\practica6.asm



                              Symbols - Sorted by Address
                     Name    Address   Location    Storage File                     
                ---------  ---------  ---------  --------- ---------                
                     R_1S   0x000020    program     static C:\Users\jesus\Desktop\PracticasDispositivosProgramables\practica6.X\practica6.asm
                     R_1M   0x000024    program     static C:\Users\jesus\Desktop\PracticasDispositivosProgramables\practica6.X\practica6.asm
                     LAZO   0x000028    program     static C:\Users\jesus\Desktop\PracticasDispositivosProgramables\practica6.X\practica6.asm
                    TABLA   0x000034    program     static C:\Users\jesus\Desktop\PracticasDispositivosProgramables\practica6.X\practica6.asm
                TABLA_NOM   0x000056    program     static C:\Users\jesus\Desktop\PracticasDispositivosProgramables\practica6.X\practica6.asm
             CONT_DEC_ASC   0x000068    program     static C:\Users\jesus\Desktop\PracticasDispositivosProgramables\practica6.X\practica6.asm
            DESPLIEGA_DEC   0x00006a    program     static C:\Users\jesus\Desktop\PracticasDispositivosProgramables\practica6.X\practica6.asm
           CONT_HEX_PARES   0x000088    program     static C:\Users\jesus\Desktop\PracticasDispositivosProgramables\practica6.X\practica6.asm
            DESPLIEGA_HEX   0x00008a    program     static C:\Users\jesus\Desktop\PracticasDispositivosProgramables\practica6.X\practica6.asm
                   NOMBRE   0x0000ac    program     static C:\Users\jesus\Desktop\PracticasDispositivosProgramables\practica6.X\practica6.asm
            DESPLIEGA_NOM   0x0000ae    program     static C:\Users\jesus\Desktop\PracticasDispositivosProgramables\practica6.X\practica6.asm
                  RESET_M   0x0000cc    program     static C:\Users\jesus\Desktop\PracticasDispositivosProgramables\practica6.X\practica6.asm
                 OPCION_0   0x0000d4    program     static C:\Users\jesus\Desktop\PracticasDispositivosProgramables\practica6.X\practica6.asm
                 OPCION_1   0x0000e2    program     static C:\Users\jesus\Desktop\PracticasDispositivosProgramables\practica6.X\practica6.asm
                 OPCION_2   0x0000f0    program     static C:\Users\jesus\Desktop\PracticasDispositivosProgramables\practica6.X\practica6.asm
                 OPCION_3   0x0000fe    program     static C:\Users\jesus\Desktop\PracticasDispositivosProgramables\practica6.X\practica6.asm


